dma_common_f24.c:61:6:dma_stream_reset	24	static
dma_common_f24.c:96:6:dma_clear_interrupt_flags	32	static
dma_common_f24.c:122:6:dma_get_interrupt_flag	32	static
dma_common_f24.c:150:6:dma_set_transfer_mode	32	static
dma_common_f24.c:178:6:dma_set_priority	24	static
dma_common_f24.c:197:6:dma_set_memory_size	24	static
dma_common_f24.c:218:6:dma_set_peripheral_size	24	static
dma_common_f24.c:238:6:dma_enable_memory_increment_mode	16	static
dma_common_f24.c:252:6:dma_disable_memory_increment_mode	16	static
dma_common_f24.c:270:6:dma_enable_peripheral_increment_mode	24	static
dma_common_f24.c:285:6:dma_disable_peripheral_increment_mode	16	static
dma_common_f24.c:303:6:dma_enable_fixed_peripheral_increment_mode	16	static
dma_common_f24.c:325:6:dma_enable_circular_mode	16	static
dma_common_f24.c:344:6:dma_channel_select	24	static
dma_common_f24.c:362:6:dma_set_memory_burst	32	static
dma_common_f24.c:381:6:dma_set_peripheral_burst	32	static
dma_common_f24.c:400:6:dma_set_initial_target	24	static
dma_common_f24.c:423:9:dma_get_target	16	static
dma_common_f24.c:447:6:dma_enable_double_buffer_mode	16	static
dma_common_f24.c:459:6:dma_disable_double_buffer_mode	16	static
dma_common_f24.c:476:6:dma_set_peripheral_flow_control	16	static
dma_common_f24.c:492:6:dma_set_dma_flow_control	16	static
dma_common_f24.c:504:6:dma_enable_transfer_error_interrupt	16	static
dma_common_f24.c:517:6:dma_disable_transfer_error_interrupt	16	static
dma_common_f24.c:529:6:dma_enable_half_transfer_interrupt	16	static
dma_common_f24.c:542:6:dma_disable_half_transfer_interrupt	16	static
dma_common_f24.c:554:6:dma_enable_transfer_complete_interrupt	16	static
dma_common_f24.c:567:6:dma_disable_transfer_complete_interrupt	16	static
dma_common_f24.c:579:6:dma_enable_direct_mode_error_interrupt	16	static
dma_common_f24.c:592:6:dma_disable_direct_mode_error_interrupt	16	static
dma_common_f24.c:604:6:dma_enable_fifo_error_interrupt	16	static
dma_common_f24.c:617:6:dma_disable_fifo_error_interrupt	16	static
dma_common_f24.c:633:10:dma_fifo_status	16	static
dma_common_f24.c:649:6:dma_enable_direct_mode	16	static
dma_common_f24.c:663:6:dma_enable_fifo_mode	16	static
dma_common_f24.c:679:6:dma_set_fifo_threshold	32	static
dma_common_f24.c:692:6:dma_enable_stream	16	static
dma_common_f24.c:706:6:dma_disable_stream	16	static
dma_common_f24.c:725:6:dma_set_peripheral_address	24	static
dma_common_f24.c:747:6:dma_set_memory_address	32	static
dma_common_f24.c:769:6:dma_set_memory_address_1	32	static
dma_common_f24.c:787:10:dma_get_number_of_data	16	static
dma_common_f24.c:804:6:dma_set_number_of_data	16	static
