rcc.c:322:6:rcc_osc_ready_int_clear	16	static
rcc.c:349:6:rcc_osc_ready_int_enable	16	static
rcc.c:376:6:rcc_osc_ready_int_disable	16	static
rcc.c:403:5:rcc_osc_ready_int_flag	16	static
rcc.c:424:6:rcc_css_int_clear	4	static
rcc.c:429:5:rcc_css_int_flag	4	static
rcc.c:434:6:rcc_is_osc_ready	16	static
rcc.c:455:6:rcc_wait_for_osc_ready	16	static
rcc.c:460:6:rcc_wait_for_sysclk_status	16	static
rcc.c:481:6:rcc_osc_on	16	static
rcc.c:508:6:rcc_osc_off	16	static
rcc.c:535:6:rcc_css_enable	4	static
rcc.c:540:6:rcc_css_disable	4	static
rcc.c:550:6:rcc_plli2s_config	16	static
rcc.c:566:6:rcc_pllsai_config	16	static
rcc.c:583:6:rcc_pllsai_postscalers	24	static
rcc.c:593:6:rcc_set_sysclk_source	24	static
rcc.c:602:6:rcc_set_pll_source	24	static
rcc.c:611:6:rcc_set_ppre2	24	static
rcc.c:620:6:rcc_set_ppre1	24	static
rcc.c:629:6:rcc_set_hpre	24	static
rcc.c:638:6:rcc_set_rtcpre	24	static
rcc.c:656:6:rcc_set_main_pll_hsi	24	static
rcc.c:680:6:rcc_set_main_pll_hse	24	static
rcc.c:695:10:rcc_system_clock_source	4	static
rcc.c:709:6:rcc_clock_setup_pll	32	static
rcc.c:789:6:rcc_clock_setup_hse_3v3	16	static
