timer_common_all.c:125:6:timer_enable_irq	16	static
timer_common_all.c:139:6:timer_disable_irq	16	static
timer_common_all.c:160:6:timer_interrupt_source	16	static
timer_common_all.c:180:6:timer_get_flag	16	static
timer_common_all.c:197:6:timer_clear_flag	16	static
timer_common_all.c:231:6:timer_set_mode	32	static
timer_common_all.c:257:6:timer_set_clock_division	16	static
timer_common_all.c:274:6:timer_enable_preload	16	static
timer_common_all.c:290:6:timer_disable_preload	16	static
timer_common_all.c:305:6:timer_set_alignment	16	static
timer_common_all.c:321:6:timer_direction_up	16	static
timer_common_all.c:335:6:timer_direction_down	16	static
timer_common_all.c:347:6:timer_one_shot_mode	16	static
timer_common_all.c:359:6:timer_continuous_mode	16	static
timer_common_all.c:376:6:timer_update_on_any	16	static
timer_common_all.c:389:6:timer_update_on_overflow	16	static
timer_common_all.c:401:6:timer_enable_update_event	16	static
timer_common_all.c:415:6:timer_disable_update_event	16	static
timer_common_all.c:429:6:timer_enable_counter	16	static
timer_common_all.c:441:6:timer_disable_counter	16	static
timer_common_all.c:462:6:timer_set_output_idle_state	16	static
timer_common_all.c:482:6:timer_reset_output_idle_state	16	static
timer_common_all.c:497:6:timer_set_ti1_ch123_xor	16	static
timer_common_all.c:511:6:timer_set_ti1_ch1	16	static
timer_common_all.c:527:6:timer_set_master_mode	16	static
timer_common_all.c:542:6:timer_set_dma_on_compare_event	16	static
timer_common_all.c:556:6:timer_set_dma_on_update_event	16	static
timer_common_all.c:575:6:timer_enable_compare_control_update_on_trigger	16	static
timer_common_all.c:594:6:timer_disable_compare_control_update_on_trigger	16	static
timer_common_all.c:612:6:timer_enable_preload_complementry_enable_bits	16	static
timer_common_all.c:629:6:timer_disable_preload_complementry_enable_bits	16	static
timer_common_all.c:644:6:timer_set_prescaler	16	static
timer_common_all.c:662:6:timer_set_repetition_counter	16	static
timer_common_all.c:677:6:timer_set_period	16	static
timer_common_all.c:696:6:timer_enable_oc_clear	16	static
timer_common_all.c:730:6:timer_disable_oc_clear	16	static
timer_common_all.c:769:6:timer_set_oc_fast_mode	16	static
timer_common_all.c:804:6:timer_set_oc_slow_mode	16	static
timer_common_all.c:854:6:timer_set_oc_mode	16	static
timer_common_all.c:1003:6:timer_enable_oc_preload	16	static
timer_common_all.c:1035:6:timer_disable_oc_preload	16	static
timer_common_all.c:1070:6:timer_set_oc_polarity_high	16	static
timer_common_all.c:1109:6:timer_set_oc_polarity_low	16	static
timer_common_all.c:1148:6:timer_enable_oc_output	16	static
timer_common_all.c:1187:6:timer_disable_oc_output	16	static
timer_common_all.c:1229:6:timer_set_oc_idle_state_set	16	static
timer_common_all.c:1272:6:timer_set_oc_idle_state_unset	16	static
timer_common_all.c:1313:6:timer_set_oc_value	24	static
timer_common_all.c:1353:6:timer_enable_break_main_output	16	static
timer_common_all.c:1370:6:timer_disable_break_main_output	16	static
timer_common_all.c:1388:6:timer_enable_break_automatic_output	16	static
timer_common_all.c:1406:6:timer_disable_break_automatic_output	16	static
timer_common_all.c:1422:6:timer_set_break_polarity_high	16	static
timer_common_all.c:1438:6:timer_set_break_polarity_low	16	static
timer_common_all.c:1454:6:timer_enable_break	16	static
timer_common_all.c:1470:6:timer_disable_break	16	static
timer_common_all.c:1490:6:timer_set_enabled_off_state_in_run_mode	16	static
timer_common_all.c:1509:6:timer_set_disabled_off_state_in_run_mode	16	static
timer_common_all.c:1527:6:timer_set_enabled_off_state_in_idle_mode	16	static
timer_common_all.c:1544:6:timer_set_disabled_off_state_in_idle_mode	16	static
timer_common_all.c:1563:6:timer_set_break_lock	16	static
timer_common_all.c:1588:6:timer_set_deadtime	16	static
timer_common_all.c:1606:6:timer_generate_event	16	static
timer_common_all.c:1620:10:timer_get_counter	16	static
timer_common_all.c:1634:6:timer_set_counter	16	static
timer_common_all.c:1653:6:timer_ic_set_filter	16	static
timer_common_all.c:1686:6:timer_ic_set_prescaler	16	static
timer_common_all.c:1730:6:timer_ic_set_input	16	static
timer_common_all.c:1768:6:timer_ic_enable	16	static
timer_common_all.c:1780:6:timer_ic_disable	16	static
timer_common_all.c:1798:6:timer_slave_set_filter	16	static
timer_common_all.c:1813:6:timer_slave_set_prescaler	16	static
timer_common_all.c:1826:6:timer_slave_set_polarity	16	static
timer_common_all.c:1842:6:timer_slave_set_mode	16	static
timer_common_all.c:1855:6:timer_slave_set_trigger	16	static
