lptimer_common_all.c:68:6:lptimer_set_counter	16	static
lptimer_common_all.c:80:10:lptimer_get_counter	16	static
lptimer_common_all.c:90:6:lptimer_clear_flag	16	static
lptimer_common_all.c:101:6:lptimer_get_flag	16	static
lptimer_common_all.c:112:6:lptimer_enable_irq	16	static
lptimer_common_all.c:123:6:lptimer_disable_irq	16	static
lptimer_common_all.c:132:6:lptimer_enable	16	static
lptimer_common_all.c:141:6:lptimer_disable	16	static
lptimer_common_all.c:159:6:lptimer_start_counter	16	static
lptimer_common_all.c:169:6:lptimer_set_prescaler	24	static
lptimer_common_all.c:181:6:lptimer_enable_trigger	24	static
lptimer_common_all.c:195:6:lptimer_select_trigger_source	24	static
lptimer_common_all.c:209:6:lptimer_set_compare	16	static
lptimer_common_all.c:222:6:lptimer_set_period	16	static
lptimer_common_all.c:234:6:lptimer_enable_preload	16	static
lptimer_common_all.c:246:6:lptimer_disable_preload	16	static
lptimer_common_all.c:256:6:lptimer_set_internal_clock_source	16	static
lptimer_common_all.c:265:6:lptimer_set_external_clock_source	16	static
lptimer_common_all.c:277:6:lptimer_set_waveform_polarity_high	16	static
lptimer_common_all.c:289:6:lptimer_set_waveform_polarity_low	16	static
