spi_common_all.c:69:6:spi_reset	16	static
spi_common_all.c:117:6:spi_enable	16	static
spi_common_all.c:131:6:spi_disable	24	static
spi_common_all.c:151:10:spi_clean_disable	24	static
spi_common_all.c:178:6:spi_write	16	static
spi_common_all.c:194:6:spi_send	16	static
spi_common_all.c:212:10:spi_read	16	static
spi_common_all.c:232:10:spi_xfer	16	static
spi_common_all.c:252:6:spi_set_bidirectional_mode	16	static
spi_common_all.c:267:6:spi_set_unidirectional_mode	16	static
spi_common_all.c:282:6:spi_set_bidirectional_receive_only_mode	16	static
spi_common_all.c:298:6:spi_set_bidirectional_transmit_only_mode	16	static
spi_common_all.c:312:6:spi_enable_crc	16	static
spi_common_all.c:323:6:spi_disable_crc	16	static
spi_common_all.c:338:6:spi_set_next_tx_from_buffer	16	static
spi_common_all.c:353:6:spi_set_next_tx_from_crc	16	static
spi_common_all.c:364:6:spi_set_full_duplex_mode	16	static
spi_common_all.c:376:6:spi_set_receive_only_mode	16	static
spi_common_all.c:389:6:spi_disable_software_slave_management	16	static
spi_common_all.c:403:6:spi_enable_software_slave_management	16	static
spi_common_all.c:422:6:spi_set_nss_high	16	static
spi_common_all.c:436:6:spi_set_nss_low	16	static
spi_common_all.c:447:6:spi_send_lsb_first	16	static
spi_common_all.c:458:6:spi_send_msb_first	16	static
spi_common_all.c:473:6:spi_set_baudrate_prescaler	24	static
spi_common_all.c:492:6:spi_set_master_mode	16	static
spi_common_all.c:503:6:spi_set_slave_mode	16	static
spi_common_all.c:515:6:spi_set_clock_polarity_1	16	static
spi_common_all.c:527:6:spi_set_clock_polarity_0	16	static
spi_common_all.c:539:6:spi_set_clock_phase_1	16	static
spi_common_all.c:551:6:spi_set_clock_phase_0	16	static
spi_common_all.c:562:6:spi_enable_tx_buffer_empty_interrupt	16	static
spi_common_all.c:573:6:spi_disable_tx_buffer_empty_interrupt	16	static
spi_common_all.c:584:6:spi_enable_rx_buffer_not_empty_interrupt	16	static
spi_common_all.c:595:6:spi_disable_rx_buffer_not_empty_interrupt	16	static
spi_common_all.c:606:6:spi_enable_error_interrupt	16	static
spi_common_all.c:617:6:spi_disable_error_interrupt	16	static
spi_common_all.c:631:6:spi_enable_ss_output	16	static
spi_common_all.c:646:6:spi_disable_ss_output	16	static
spi_common_all.c:661:6:spi_enable_tx_dma	16	static
spi_common_all.c:672:6:spi_disable_tx_dma	16	static
spi_common_all.c:687:6:spi_enable_rx_dma	16	static
spi_common_all.c:698:6:spi_disable_rx_dma	16	static
spi_common_all.c:718:6:spi_set_standard_mode	24	static
