adc_common_v1_multi.c:102:6:adc_power_on	16	static
adc_common_v1_multi.c:114:6:adc_set_clk_prescale	24	static
adc_common_v1_multi.c:133:6:adc_enable_external_trigger_regular	32	static
adc_common_v1_multi.c:149:6:adc_disable_external_trigger_regular	16	static
adc_common_v1_multi.c:166:6:adc_enable_external_trigger_injected	32	static
adc_common_v1_multi.c:182:6:adc_disable_external_trigger_injected	16	static
adc_common_v1_multi.c:197:6:adc_set_resolution	24	static
adc_common_v1_multi.c:216:6:adc_enable_overrun_interrupt	16	static
adc_common_v1_multi.c:227:6:adc_disable_overrun_interrupt	16	static
adc_common_v1_multi.c:243:6:adc_get_overrun_flag	16	static
adc_common_v1_multi.c:259:6:adc_clear_overrun_flag	16	static
adc_common_v1_multi.c:274:6:adc_eoc_after_each	16	static
adc_common_v1_multi.c:288:6:adc_eoc_after_group	16	static
adc_common_v1_multi.c:302:6:adc_set_dma_continue	16	static
adc_common_v1_multi.c:316:6:adc_set_dma_terminate	16	static
adc_common_v1_multi.c:329:6:adc_awd	16	static
adc_common_v1_multi.c:343:6:adc_enable_temperature_sensor	4	static
adc_common_v1_multi.c:355:6:adc_disable_temperature_sensor	4	static
