usb_standard.c:42:5:usbd_register_set_config_callback	24	static
usb_standard.c:62:6:usbd_register_set_altsetting_callback	16	static
usb_standard.c:68:17:build_config_descriptor	64	static
usb_standard.c:142:12:usb_descriptor_type	16	static
usb_standard.c:147:12:usb_descriptor_index	16	static
usb_standard.c:153:1:usb_standard_get_descriptor	40	static
usb_standard.c:225:1:usb_standard_set_address	24	static
usb_standard.c:252:1:usb_standard_set_configuration	40	static
usb_standard.c:314:1:usb_standard_get_configuration	32	static
usb_standard.c:335:1:usb_standard_set_interface	32	static
usb_standard.c:373:1:usb_standard_get_interface	32	static
usb_standard.c:393:1:usb_standard_device_get_status	24	static
usb_standard.c:412:1:usb_standard_interface_get_status	24	static
usb_standard.c:430:1:usb_standard_endpoint_get_status	24	static
usb_standard.c:446:1:usb_standard_endpoint_stall	24	static
usb_standard.c:459:1:usb_standard_endpoint_unstall	24	static
usb_standard.c:475:1:_usbd_standard_request_device	40	static
usb_standard.c:531:1:_usbd_standard_request_interface	40	static
usb_standard.c:563:1:_usbd_standard_request_endpoint	40	static
usb_standard.c:602:1:_usbd_standard_request	24	static
