usart_common_all.c:53:6:usart_set_baudrate	24	static
usart_common_all.c:99:6:usart_set_databits	16	static
usart_common_all.c:118:6:usart_set_stopbits	24	static
usart_common_all.c:137:6:usart_set_parity	24	static
usart_common_all.c:156:6:usart_set_mode	24	static
usart_common_all.c:175:6:usart_set_flow_control	24	static
usart_common_all.c:191:6:usart_enable	16	static
usart_common_all.c:205:6:usart_disable	16	static
usart_common_all.c:221:6:usart_send_blocking	16	static
usart_common_all.c:237:10:usart_recv_blocking	16	static
usart_common_all.c:257:6:usart_enable_rx_dma	16	static
usart_common_all.c:269:6:usart_disable_rx_dma	16	static
usart_common_all.c:287:6:usart_enable_tx_dma	16	static
usart_common_all.c:299:6:usart_disable_tx_dma	16	static
usart_common_all.c:311:6:usart_enable_rx_interrupt	16	static
usart_common_all.c:324:6:usart_disable_rx_interrupt	16	static
usart_common_all.c:336:6:usart_enable_tx_interrupt	16	static
usart_common_all.c:348:6:usart_disable_tx_interrupt	16	static
usart_common_all.c:360:6:usart_enable_error_interrupt	16	static
usart_common_all.c:372:6:usart_disable_error_interrupt	16	static
