adc_common_v1.c:108:6:adc_power_off	16	static
adc_common_v1.c:123:6:adc_enable_analog_watchdog_regular	16	static
adc_common_v1.c:135:6:adc_disable_analog_watchdog_regular	16	static
adc_common_v1.c:150:6:adc_enable_analog_watchdog_injected	16	static
adc_common_v1.c:161:6:adc_disable_analog_watchdog_injected	16	static
adc_common_v1.c:182:6:adc_enable_discontinuous_mode_regular	16	static
adc_common_v1.c:197:6:adc_disable_discontinuous_mode_regular	16	static
adc_common_v1.c:212:6:adc_enable_discontinuous_mode_injected	16	static
adc_common_v1.c:223:6:adc_disable_discontinuous_mode_injected	16	static
adc_common_v1.c:239:6:adc_enable_automatic_injected_group_conversion	16	static
adc_common_v1.c:251:6:adc_disable_automatic_injected_group_conversion	16	static
adc_common_v1.c:272:6:adc_enable_analog_watchdog_on_all_channels	16	static
adc_common_v1.c:294:6:adc_enable_analog_watchdog_on_selected_channel	24	static
adc_common_v1.c:317:6:adc_enable_scan_mode	16	static
adc_common_v1.c:328:6:adc_disable_scan_mode	16	static
adc_common_v1.c:339:6:adc_enable_eoc_interrupt_injected	16	static
adc_common_v1.c:350:6:adc_disable_eoc_interrupt_injected	16	static
adc_common_v1.c:361:6:adc_enable_awd_interrupt	16	static
adc_common_v1.c:372:6:adc_disable_awd_interrupt	16	static
adc_common_v1.c:384:6:adc_enable_eoc_interrupt	16	static
adc_common_v1.c:395:6:adc_disable_eoc_interrupt	16	static
adc_common_v1.c:408:6:adc_set_left_aligned	16	static
adc_common_v1.c:420:6:adc_set_right_aligned	16	static
adc_common_v1.c:435:6:adc_eoc	16	static
adc_common_v1.c:449:6:adc_eoc_injected	16	static
adc_common_v1.c:465:10:adc_read_regular	16	static
adc_common_v1.c:483:10:adc_read_injected	16	static
adc_common_v1.c:507:6:adc_set_continuous_conversion_mode	16	static
adc_common_v1.c:523:6:adc_set_single_conversion_mode	16	static
adc_common_v1.c:535:6:adc_set_watchdog_high_threshold	24	static
adc_common_v1.c:551:6:adc_set_watchdog_low_threshold	24	static
adc_common_v1.c:574:6:adc_set_regular_sequence	48	static
adc_common_v1.c:630:6:adc_set_injected_sequence	32	static
adc_common_v1.c:662:6:adc_set_injected_offset	24	static
adc_common_v1.c:695:6:adc_start_conversion_regular	16	static
adc_common_v1.c:719:6:adc_start_conversion_injected	16	static
adc_common_v1.c:735:6:adc_enable_dma	16	static
adc_common_v1.c:746:6:adc_disable_dma	16	static
adc_common_v1.c:759:6:adc_get_flag	16	static
adc_common_v1.c:771:6:adc_clear_flag	16	static
